  Determinando los proyectos que se van a restaurar...
  Todos los proyectos est├ín actualizados para la restauraci├│n.
C:\Users\Usuario\Desktop\TIENDA API\TiendaApi\Controllers\ComisionesController.cs(47,35): warning CS8602: Desreferencia de una referencia posiblemente NULL. [C:\Users\Usuario\Desktop\TIENDA API\TiendaApi\TiendaApi.csproj]
C:\Users\Usuario\Desktop\TIENDA API\TiendaApi\Program.cs(64,40): warning CS8604: Posible argumento de referencia nulo para el par├ímetro "s" en "byte[] Encoding.GetBytes(string s)". [C:\Users\Usuario\Desktop\TIENDA API\TiendaApi\TiendaApi.csproj]
C:\Users\Usuario\Desktop\TIENDA API\TiendaApi\Controllers\ProductosController.cs(21,35): warning CS8620: El argumento de tipo "IIncludableQueryable<Producto, ICollection<ProductoCategoria>?>" no se puede usar para el par├ímetro "source" de tipo "IIncludableQueryable<Producto, IEnumerable<ProductoCategoria>>" en "IIncludableQueryable<Producto, Categoria?> EntityFrameworkQueryableExtensions.ThenInclude<Producto, ProductoCategoria, Categoria?>(IIncludableQueryable<Producto, IEnumerable<ProductoCategoria>> source, Expression<Func<ProductoCategoria, Categoria?>> navigationPropertyPath)" debido a las diferencias en la nulabilidad de los tipos de referencia. [C:\Users\Usuario\Desktop\TIENDA API\TiendaApi\TiendaApi.csproj]
C:\Users\Usuario\Desktop\TIENDA API\TiendaApi\Controllers\ProductosController.cs(39,30): warning CS8602: Desreferencia de una referencia posiblemente NULL. [C:\Users\Usuario\Desktop\TIENDA API\TiendaApi\TiendaApi.csproj]
C:\Users\Usuario\Desktop\TIENDA API\TiendaApi\Controllers\ProductosController.cs(52,34): warning CS8620: El argumento de tipo "IIncludableQueryable<Producto, ICollection<ProductoCategoria>?>" no se puede usar para el par├ímetro "source" de tipo "IIncludableQueryable<Producto, IEnumerable<ProductoCategoria>>" en "IIncludableQueryable<Producto, Categoria?> EntityFrameworkQueryableExtensions.ThenInclude<Producto, ProductoCategoria, Categoria?>(IIncludableQueryable<Producto, IEnumerable<ProductoCategoria>> source, Expression<Func<ProductoCategoria, Categoria?>> navigationPropertyPath)" debido a las diferencias en la nulabilidad de los tipos de referencia. [C:\Users\Usuario\Desktop\TIENDA API\TiendaApi\TiendaApi.csproj]
C:\Users\Usuario\Desktop\TIENDA API\TiendaApi\Controllers\ProductosController.cs(72,30): warning CS8602: Desreferencia de una referencia posiblemente NULL. [C:\Users\Usuario\Desktop\TIENDA API\TiendaApi\TiendaApi.csproj]
C:\Users\Usuario\Desktop\TIENDA API\TiendaApi\Controllers\TiendasController.cs(149,36): error CS1061: "TiendaUpdateDto" no contiene una definici├│n para "Direccion" ni un m├®todo de extensi├│n accesible "Direccion" que acepte un primer argumento del tipo "TiendaUpdateDto" (┬┐falta alguna directiva using o una referencia de ensamblado?) [C:\Users\Usuario\Desktop\TIENDA API\TiendaApi\TiendaApi.csproj]
C:\Users\Usuario\Desktop\TIENDA API\TiendaApi\Controllers\UploadController.cs(66,121): warning CS8604: Posible argumento de referencia nulo para el par├ímetro "paths" en "string Path.Combine(params ReadOnlySpan<string> paths)". [C:\Users\Usuario\Desktop\TIENDA API\TiendaApi\TiendaApi.csproj]
C:\Users\Usuario\Desktop\TIENDA API\TiendaApi\Controllers\ProductosController.cs(85,35): warning CS8620: El argumento de tipo "IIncludableQueryable<Producto, ICollection<ProductoCategoria>?>" no se puede usar para el par├ímetro "source" de tipo "IIncludableQueryable<Producto, IEnumerable<ProductoCategoria>>" en "IIncludableQueryable<Producto, Categoria?> EntityFrameworkQueryableExtensions.ThenInclude<Producto, ProductoCategoria, Categoria?>(IIncludableQueryable<Producto, IEnumerable<ProductoCategoria>> source, Expression<Func<ProductoCategoria, Categoria?>> navigationPropertyPath)" debido a las diferencias en la nulabilidad de los tipos de referencia. [C:\Users\Usuario\Desktop\TIENDA API\TiendaApi\TiendaApi.csproj]
C:\Users\Usuario\Desktop\TIENDA API\TiendaApi\Controllers\ProductosController.cs(105,30): warning CS8602: Desreferencia de una referencia posiblemente NULL. [C:\Users\Usuario\Desktop\TIENDA API\TiendaApi\TiendaApi.csproj]
C:\Users\Usuario\Desktop\TIENDA API\TiendaApi\Models\RolPermiso.cs(19,20): warning CS8618: El elemento propiedad "Rol" que no acepta valores NULL debe contener un valor distinto de NULL al salir del constructor. Considere la posibilidad de agregar el modificador "required'"o declarar el propiedad como un valor que acepta valores NULL. [C:\Users\Usuario\Desktop\TIENDA API\TiendaApi\TiendaApi.csproj]
C:\Users\Usuario\Desktop\TIENDA API\TiendaApi\Models\RolPermiso.cs(22,24): warning CS8618: El elemento propiedad "Permiso" que no acepta valores NULL debe contener un valor distinto de NULL al salir del constructor. Considere la posibilidad de agregar el modificador "required'"o declarar el propiedad como un valor que acepta valores NULL. [C:\Users\Usuario\Desktop\TIENDA API\TiendaApi\TiendaApi.csproj]
C:\Users\Usuario\Desktop\TIENDA API\TiendaApi\Controllers\DashboardController.cs(89,37): warning CS8620: El argumento de tipo "IIncludableQueryable<Usuario, ICollection<UsuarioRol>?>" no se puede usar para el par├ímetro "source" de tipo "IIncludableQueryable<Usuario, IEnumerable<UsuarioRol>>" en "IIncludableQueryable<Usuario, Rol?> EntityFrameworkQueryableExtensions.ThenInclude<Usuario, UsuarioRol, Rol?>(IIncludableQueryable<Usuario, IEnumerable<UsuarioRol>> source, Expression<Func<UsuarioRol, Rol?>> navigationPropertyPath)" debido a las diferencias en la nulabilidad de los tipos de referencia. [C:\Users\Usuario\Desktop\TIENDA API\TiendaApi\TiendaApi.csproj]
C:\Users\Usuario\Desktop\TIENDA API\TiendaApi\Controllers\DashboardController.cs(102,29): warning CS8604: Posible argumento de referencia nulo para el par├ímetro "source" en "IEnumerable<string> Enumerable.Select<UsuarioRol, string>(IEnumerable<UsuarioRol> source, Func<UsuarioRol, string> selector)". [C:\Users\Usuario\Desktop\TIENDA API\TiendaApi\TiendaApi.csproj]
C:\Users\Usuario\Desktop\TIENDA API\TiendaApi\Controllers\DashboardController.cs(102,57): warning CS8602: Desreferencia de una referencia posiblemente NULL. [C:\Users\Usuario\Desktop\TIENDA API\TiendaApi\TiendaApi.csproj]
C:\Users\Usuario\Desktop\TIENDA API\TiendaApi\Controllers\ProductosController.cs(118,34): warning CS8620: El argumento de tipo "IIncludableQueryable<Producto, ICollection<ProductoCategoria>?>" no se puede usar para el par├ímetro "source" de tipo "IIncludableQueryable<Producto, IEnumerable<ProductoCategoria>>" en "IIncludableQueryable<Producto, Categoria?> EntityFrameworkQueryableExtensions.ThenInclude<Producto, ProductoCategoria, Categoria?>(IIncludableQueryable<Producto, IEnumerable<ProductoCategoria>> source, Expression<Func<ProductoCategoria, Categoria?>> navigationPropertyPath)" debido a las diferencias en la nulabilidad de los tipos de referencia. [C:\Users\Usuario\Desktop\TIENDA API\TiendaApi\TiendaApi.csproj]
C:\Users\Usuario\Desktop\TIENDA API\TiendaApi\Controllers\ProductosController.cs(125,30): warning CS8604: Posible argumento de referencia nulo para el par├ímetro "source" en "IEnumerable<<anonymous type: int CategoriaId, string Nombre>> Enumerable.Select<ProductoCategoria, <anonymous type: int CategoriaId, string Nombre>>(IEnumerable<ProductoCategoria> source, Func<ProductoCategoria, <anonymous type: int CategoriaId, string Nombre>> selector)". [C:\Users\Usuario\Desktop\TIENDA API\TiendaApi\TiendaApi.csproj]
C:\Users\Usuario\Desktop\TIENDA API\TiendaApi\Models\Permiso.cs(12,23): warning CS8618: El elemento propiedad "Nombre" que no acepta valores NULL debe contener un valor distinto de NULL al salir del constructor. Considere la posibilidad de agregar el modificador "required'"o declarar el propiedad como un valor que acepta valores NULL. [C:\Users\Usuario\Desktop\TIENDA API\TiendaApi\TiendaApi.csproj]
C:\Users\Usuario\Desktop\TIENDA API\TiendaApi\Models\Permiso.cs(17,40): warning CS8618: El elemento propiedad "RolPermisos" que no acepta valores NULL debe contener un valor distinto de NULL al salir del constructor. Considere la posibilidad de agregar el modificador "required'"o declarar el propiedad como un valor que acepta valores NULL. [C:\Users\Usuario\Desktop\TIENDA API\TiendaApi\TiendaApi.csproj]
C:\Users\Usuario\Desktop\TIENDA API\TiendaApi\Controllers\UploadController.cs(123,112): warning CS8604: Posible argumento de referencia nulo para el par├ímetro "paths" en "string Path.Combine(params ReadOnlySpan<string> paths)". [C:\Users\Usuario\Desktop\TIENDA API\TiendaApi\TiendaApi.csproj]
C:\Users\Usuario\Desktop\TIENDA API\TiendaApi\Controllers\UsuariosController.cs(275,33): warning CS8620: El argumento de tipo "IIncludableQueryable<Usuario, ICollection<UsuarioRol>?>" no se puede usar para el par├ímetro "source" de tipo "IIncludableQueryable<Usuario, IEnumerable<UsuarioRol>>" en "IIncludableQueryable<Usuario, Rol?> EntityFrameworkQueryableExtensions.ThenInclude<Usuario, UsuarioRol, Rol?>(IIncludableQueryable<Usuario, IEnumerable<UsuarioRol>> source, Expression<Func<UsuarioRol, Rol?>> navigationPropertyPath)" debido a las diferencias en la nulabilidad de los tipos de referencia. [C:\Users\Usuario\Desktop\TIENDA API\TiendaApi\TiendaApi.csproj]
C:\Users\Usuario\Desktop\TIENDA API\TiendaApi\Controllers\UsuariosController.cs(291,25): warning CS8604: Posible argumento de referencia nulo para el par├ímetro "source" en "IEnumerable<string> Enumerable.Select<UsuarioRol, string>(IEnumerable<UsuarioRol> source, Func<UsuarioRol, string> selector)". [C:\Users\Usuario\Desktop\TIENDA API\TiendaApi\TiendaApi.csproj]
C:\Users\Usuario\Desktop\TIENDA API\TiendaApi\Controllers\UsuariosController.cs(291,59): warning CS8602: Desreferencia de una referencia posiblemente NULL. [C:\Users\Usuario\Desktop\TIENDA API\TiendaApi\TiendaApi.csproj]
C:\Users\Usuario\Desktop\TIENDA API\TiendaApi\Controllers\UsuariosController.cs(308,71): warning CS8604: Posible argumento de referencia nulo para el par├ímetro "s" en "byte[] Encoding.GetBytes(string s)". [C:\Users\Usuario\Desktop\TIENDA API\TiendaApi\TiendaApi.csproj]
C:\Users\Usuario\Desktop\TIENDA API\TiendaApi\Controllers\ProductosController.cs(164,34): warning CS8603: Posible tipo de valor devuelto de referencia nulo. [C:\Users\Usuario\Desktop\TIENDA API\TiendaApi\TiendaApi.csproj]
C:\Users\Usuario\Desktop\TIENDA API\TiendaApi\Controllers\ProductosController.cs(167,33): warning CS8604: Posible argumento de referencia nulo para el par├ímetro "source" en "ProductoCategoria? Enumerable.FirstOrDefault<ProductoCategoria>(IEnumerable<ProductoCategoria> source)". [C:\Users\Usuario\Desktop\TIENDA API\TiendaApi\TiendaApi.csproj]
C:\Users\Usuario\Desktop\TIENDA API\TiendaApi\Controllers\ProductosController.cs(183,30): warning CS8602: Desreferencia de una referencia posiblemente NULL. [C:\Users\Usuario\Desktop\TIENDA API\TiendaApi\TiendaApi.csproj]
C:\Users\Usuario\Desktop\TIENDA API\TiendaApi\Controllers\ProductosController.cs(208,13): warning CS8602: Desreferencia de una referencia posiblemente NULL. [C:\Users\Usuario\Desktop\TIENDA API\TiendaApi\TiendaApi.csproj]
C:\Users\Usuario\Desktop\TIENDA API\TiendaApi\Controllers\ProductosController.cs(243,13): warning CS8602: Desreferencia de una referencia posiblemente NULL. [C:\Users\Usuario\Desktop\TIENDA API\TiendaApi\TiendaApi.csproj]
C:\Users\Usuario\Desktop\TIENDA API\TiendaApi\Controllers\UsuariosController.cs(335,34): warning CS8620: El argumento de tipo "IIncludableQueryable<Usuario, ICollection<UsuarioRol>?>" no se puede usar para el par├ímetro "source" de tipo "IIncludableQueryable<Usuario, IEnumerable<UsuarioRol>>" en "IIncludableQueryable<Usuario, Rol?> EntityFrameworkQueryableExtensions.ThenInclude<Usuario, UsuarioRol, Rol?>(IIncludableQueryable<Usuario, IEnumerable<UsuarioRol>> source, Expression<Func<UsuarioRol, Rol?>> navigationPropertyPath)" debido a las diferencias en la nulabilidad de los tipos de referencia. [C:\Users\Usuario\Desktop\TIENDA API\TiendaApi\TiendaApi.csproj]
C:\Users\Usuario\Desktop\TIENDA API\TiendaApi\Controllers\UsuariosController.cs(342,32): warning CS8601: Posible asignaci├│n de referencia nula. [C:\Users\Usuario\Desktop\TIENDA API\TiendaApi\TiendaApi.csproj]
C:\Users\Usuario\Desktop\TIENDA API\TiendaApi\Controllers\UsuariosController.cs(345,29): warning CS8604: Posible argumento de referencia nulo para el par├ímetro "source" en "IEnumerable<string> Enumerable.Select<UsuarioRol, string>(IEnumerable<UsuarioRol> source, Func<UsuarioRol, string> selector)". [C:\Users\Usuario\Desktop\TIENDA API\TiendaApi\TiendaApi.csproj]
C:\Users\Usuario\Desktop\TIENDA API\TiendaApi\Controllers\UsuariosController.cs(345,57): warning CS8602: Desreferencia de una referencia posiblemente NULL. [C:\Users\Usuario\Desktop\TIENDA API\TiendaApi\TiendaApi.csproj]
C:\Users\Usuario\Desktop\TIENDA API\TiendaApi\Controllers\UsuariosController.cs(374,17): warning CS8602: Desreferencia de una referencia posiblemente NULL. [C:\Users\Usuario\Desktop\TIENDA API\TiendaApi\TiendaApi.csproj]
C:\Users\Usuario\Desktop\TIENDA API\TiendaApi\Controllers\UsuariosController.cs(406,18): warning CS8604: Posible argumento de referencia nulo para el par├ímetro "source" en "bool Enumerable.Any<UsuarioRol>(IEnumerable<UsuarioRol> source, Func<UsuarioRol, bool> predicate)". [C:\Users\Usuario\Desktop\TIENDA API\TiendaApi\TiendaApi.csproj]
C:\Users\Usuario\Desktop\TIENDA API\TiendaApi\Controllers\UsuariosController.cs(437,33): warning CS8620: El argumento de tipo "IIncludableQueryable<Usuario, ICollection<UsuarioRol>?>" no se puede usar para el par├ímetro "source" de tipo "IIncludableQueryable<Usuario, IEnumerable<UsuarioRol>>" en "IIncludableQueryable<Usuario, Rol?> EntityFrameworkQueryableExtensions.ThenInclude<Usuario, UsuarioRol, Rol?>(IIncludableQueryable<Usuario, IEnumerable<UsuarioRol>> source, Expression<Func<UsuarioRol, Rol?>> navigationPropertyPath)" debido a las diferencias en la nulabilidad de los tipos de referencia. [C:\Users\Usuario\Desktop\TIENDA API\TiendaApi\TiendaApi.csproj]
C:\Users\Usuario\Desktop\TIENDA API\TiendaApi\Controllers\UsuariosController.cs(455,37): warning CS8620: El argumento de tipo "IIncludableQueryable<Usuario, ICollection<UsuarioRol>?>" no se puede usar para el par├ímetro "source" de tipo "IIncludableQueryable<Usuario, IEnumerable<UsuarioRol>>" en "IIncludableQueryable<Usuario, Rol?> EntityFrameworkQueryableExtensions.ThenInclude<Usuario, UsuarioRol, Rol?>(IIncludableQueryable<Usuario, IEnumerable<UsuarioRol>> source, Expression<Func<UsuarioRol, Rol?>> navigationPropertyPath)" debido a las diferencias en la nulabilidad de los tipos de referencia. [C:\Users\Usuario\Desktop\TIENDA API\TiendaApi\TiendaApi.csproj]
C:\Users\Usuario\Desktop\TIENDA API\TiendaApi\Controllers\UsuariosController.cs(487,28): warning CS8601: Posible asignaci├│n de referencia nula. [C:\Users\Usuario\Desktop\TIENDA API\TiendaApi\TiendaApi.csproj]
C:\Users\Usuario\Desktop\TIENDA API\TiendaApi\Controllers\UsuariosController.cs(490,60): warning CS8602: Desreferencia de una referencia posiblemente NULL. [C:\Users\Usuario\Desktop\TIENDA API\TiendaApi\TiendaApi.csproj]
C:\Users\Usuario\Desktop\TIENDA API\TiendaApi\Controllers\UsuariosController.cs(531,33): warning CS8620: El argumento de tipo "IIncludableQueryable<Usuario, ICollection<UsuarioRol>?>" no se puede usar para el par├ímetro "source" de tipo "IIncludableQueryable<Usuario, IEnumerable<UsuarioRol>>" en "IIncludableQueryable<Usuario, Rol?> EntityFrameworkQueryableExtensions.ThenInclude<Usuario, UsuarioRol, Rol?>(IIncludableQueryable<Usuario, IEnumerable<UsuarioRol>> source, Expression<Func<UsuarioRol, Rol?>> navigationPropertyPath)" debido a las diferencias en la nulabilidad de los tipos de referencia. [C:\Users\Usuario\Desktop\TIENDA API\TiendaApi\TiendaApi.csproj]
C:\Users\Usuario\Desktop\TIENDA API\TiendaApi\Controllers\UsuariosController.cs(561,33): warning CS8620: El argumento de tipo "IIncludableQueryable<Usuario, ICollection<UsuarioRol>?>" no se puede usar para el par├ímetro "source" de tipo "IIncludableQueryable<Usuario, IEnumerable<UsuarioRol>>" en "IIncludableQueryable<Usuario, Rol?> EntityFrameworkQueryableExtensions.ThenInclude<Usuario, UsuarioRol, Rol?>(IIncludableQueryable<Usuario, IEnumerable<UsuarioRol>> source, Expression<Func<UsuarioRol, Rol?>> navigationPropertyPath)" debido a las diferencias en la nulabilidad de los tipos de referencia. [C:\Users\Usuario\Desktop\TIENDA API\TiendaApi\TiendaApi.csproj]
C:\Users\Usuario\Desktop\TIENDA API\TiendaApi\Controllers\UsuariosController.cs(631,28): warning CS8601: Posible asignaci├│n de referencia nula. [C:\Users\Usuario\Desktop\TIENDA API\TiendaApi\TiendaApi.csproj]
C:\Users\Usuario\Desktop\TIENDA API\TiendaApi\Controllers\UsuariosController.cs(634,60): warning CS8602: Desreferencia de una referencia posiblemente NULL. [C:\Users\Usuario\Desktop\TIENDA API\TiendaApi\TiendaApi.csproj]
C:\Users\Usuario\Desktop\TIENDA API\TiendaApi\Controllers\UsuariosController.cs(703,37): warning CS8620: El argumento de tipo "IIncludableQueryable<Usuario, ICollection<UsuarioRol>?>" no se puede usar para el par├ímetro "source" de tipo "IIncludableQueryable<Usuario, IEnumerable<UsuarioRol>>" en "IIncludableQueryable<Usuario, Rol?> EntityFrameworkQueryableExtensions.ThenInclude<Usuario, UsuarioRol, Rol?>(IIncludableQueryable<Usuario, IEnumerable<UsuarioRol>> source, Expression<Func<UsuarioRol, Rol?>> navigationPropertyPath)" debido a las diferencias en la nulabilidad de los tipos de referencia. [C:\Users\Usuario\Desktop\TIENDA API\TiendaApi\TiendaApi.csproj]
C:\Users\Usuario\Desktop\TIENDA API\TiendaApi\Controllers\UsuariosController.cs(752,71): warning CS8603: Posible tipo de valor devuelto de referencia nulo. [C:\Users\Usuario\Desktop\TIENDA API\TiendaApi\TiendaApi.csproj]
C:\Users\Usuario\Desktop\TIENDA API\TiendaApi\Controllers\UsuariosController.cs(765,29): warning CS8604: Posible argumento de referencia nulo para el par├ímetro "source" en "IEnumerable<string> Enumerable.Select<UsuarioRol, string>(IEnumerable<UsuarioRol> source, Func<UsuarioRol, string> selector)". [C:\Users\Usuario\Desktop\TIENDA API\TiendaApi\TiendaApi.csproj]
C:\Users\Usuario\Desktop\TIENDA API\TiendaApi\Controllers\UsuariosController.cs(765,63): warning CS8602: Desreferencia de una referencia posiblemente NULL. [C:\Users\Usuario\Desktop\TIENDA API\TiendaApi\TiendaApi.csproj]
C:\Users\Usuario\Desktop\TIENDA API\TiendaApi\Controllers\UsuariosController.cs(826,28): warning CS8604: Posible argumento de referencia nulo para el par├ímetro "source" en "bool Enumerable.Any<UsuarioRol>(IEnumerable<UsuarioRol> source, Func<UsuarioRol, bool> predicate)". [C:\Users\Usuario\Desktop\TIENDA API\TiendaApi\TiendaApi.csproj]
C:\Users\Usuario\Desktop\TIENDA API\TiendaApi\Controllers\UsuariosController.cs(826,59): warning CS8602: Desreferencia de una referencia posiblemente NULL. [C:\Users\Usuario\Desktop\TIENDA API\TiendaApi\TiendaApi.csproj]

ERROR al compilar.

C:\Users\Usuario\Desktop\TIENDA API\TiendaApi\Controllers\ComisionesController.cs(47,35): warning CS8602: Desreferencia de una referencia posiblemente NULL. [C:\Users\Usuario\Desktop\TIENDA API\TiendaApi\TiendaApi.csproj]
C:\Users\Usuario\Desktop\TIENDA API\TiendaApi\Program.cs(64,40): warning CS8604: Posible argumento de referencia nulo para el par├ímetro "s" en "byte[] Encoding.GetBytes(string s)". [C:\Users\Usuario\Desktop\TIENDA API\TiendaApi\TiendaApi.csproj]
C:\Users\Usuario\Desktop\TIENDA API\TiendaApi\Controllers\ProductosController.cs(21,35): warning CS8620: El argumento de tipo "IIncludableQueryable<Producto, ICollection<ProductoCategoria>?>" no se puede usar para el par├ímetro "source" de tipo "IIncludableQueryable<Producto, IEnumerable<ProductoCategoria>>" en "IIncludableQueryable<Producto, Categoria?> EntityFrameworkQueryableExtensions.ThenInclude<Producto, ProductoCategoria, Categoria?>(IIncludableQueryable<Producto, IEnumerable<ProductoCategoria>> source, Expression<Func<ProductoCategoria, Categoria?>> navigationPropertyPath)" debido a las diferencias en la nulabilidad de los tipos de referencia. [C:\Users\Usuario\Desktop\TIENDA API\TiendaApi\TiendaApi.csproj]
C:\Users\Usuario\Desktop\TIENDA API\TiendaApi\Controllers\ProductosController.cs(39,30): warning CS8602: Desreferencia de una referencia posiblemente NULL. [C:\Users\Usuario\Desktop\TIENDA API\TiendaApi\TiendaApi.csproj]
C:\Users\Usuario\Desktop\TIENDA API\TiendaApi\Controllers\ProductosController.cs(52,34): warning CS8620: El argumento de tipo "IIncludableQueryable<Producto, ICollection<ProductoCategoria>?>" no se puede usar para el par├ímetro "source" de tipo "IIncludableQueryable<Producto, IEnumerable<ProductoCategoria>>" en "IIncludableQueryable<Producto, Categoria?> EntityFrameworkQueryableExtensions.ThenInclude<Producto, ProductoCategoria, Categoria?>(IIncludableQueryable<Producto, IEnumerable<ProductoCategoria>> source, Expression<Func<ProductoCategoria, Categoria?>> navigationPropertyPath)" debido a las diferencias en la nulabilidad de los tipos de referencia. [C:\Users\Usuario\Desktop\TIENDA API\TiendaApi\TiendaApi.csproj]
C:\Users\Usuario\Desktop\TIENDA API\TiendaApi\Controllers\ProductosController.cs(72,30): warning CS8602: Desreferencia de una referencia posiblemente NULL. [C:\Users\Usuario\Desktop\TIENDA API\TiendaApi\TiendaApi.csproj]
C:\Users\Usuario\Desktop\TIENDA API\TiendaApi\Controllers\UploadController.cs(66,121): warning CS8604: Posible argumento de referencia nulo para el par├ímetro "paths" en "string Path.Combine(params ReadOnlySpan<string> paths)". [C:\Users\Usuario\Desktop\TIENDA API\TiendaApi\TiendaApi.csproj]
C:\Users\Usuario\Desktop\TIENDA API\TiendaApi\Controllers\ProductosController.cs(85,35): warning CS8620: El argumento de tipo "IIncludableQueryable<Producto, ICollection<ProductoCategoria>?>" no se puede usar para el par├ímetro "source" de tipo "IIncludableQueryable<Producto, IEnumerable<ProductoCategoria>>" en "IIncludableQueryable<Producto, Categoria?> EntityFrameworkQueryableExtensions.ThenInclude<Producto, ProductoCategoria, Categoria?>(IIncludableQueryable<Producto, IEnumerable<ProductoCategoria>> source, Expression<Func<ProductoCategoria, Categoria?>> navigationPropertyPath)" debido a las diferencias en la nulabilidad de los tipos de referencia. [C:\Users\Usuario\Desktop\TIENDA API\TiendaApi\TiendaApi.csproj]
C:\Users\Usuario\Desktop\TIENDA API\TiendaApi\Controllers\ProductosController.cs(105,30): warning CS8602: Desreferencia de una referencia posiblemente NULL. [C:\Users\Usuario\Desktop\TIENDA API\TiendaApi\TiendaApi.csproj]
C:\Users\Usuario\Desktop\TIENDA API\TiendaApi\Models\RolPermiso.cs(19,20): warning CS8618: El elemento propiedad "Rol" que no acepta valores NULL debe contener un valor distinto de NULL al salir del constructor. Considere la posibilidad de agregar el modificador "required'"o declarar el propiedad como un valor que acepta valores NULL. [C:\Users\Usuario\Desktop\TIENDA API\TiendaApi\TiendaApi.csproj]
C:\Users\Usuario\Desktop\TIENDA API\TiendaApi\Models\RolPermiso.cs(22,24): warning CS8618: El elemento propiedad "Permiso" que no acepta valores NULL debe contener un valor distinto de NULL al salir del constructor. Considere la posibilidad de agregar el modificador "required'"o declarar el propiedad como un valor que acepta valores NULL. [C:\Users\Usuario\Desktop\TIENDA API\TiendaApi\TiendaApi.csproj]
C:\Users\Usuario\Desktop\TIENDA API\TiendaApi\Controllers\DashboardController.cs(89,37): warning CS8620: El argumento de tipo "IIncludableQueryable<Usuario, ICollection<UsuarioRol>?>" no se puede usar para el par├ímetro "source" de tipo "IIncludableQueryable<Usuario, IEnumerable<UsuarioRol>>" en "IIncludableQueryable<Usuario, Rol?> EntityFrameworkQueryableExtensions.ThenInclude<Usuario, UsuarioRol, Rol?>(IIncludableQueryable<Usuario, IEnumerable<UsuarioRol>> source, Expression<Func<UsuarioRol, Rol?>> navigationPropertyPath)" debido a las diferencias en la nulabilidad de los tipos de referencia. [C:\Users\Usuario\Desktop\TIENDA API\TiendaApi\TiendaApi.csproj]
C:\Users\Usuario\Desktop\TIENDA API\TiendaApi\Controllers\DashboardController.cs(102,29): warning CS8604: Posible argumento de referencia nulo para el par├ímetro "source" en "IEnumerable<string> Enumerable.Select<UsuarioRol, string>(IEnumerable<UsuarioRol> source, Func<UsuarioRol, string> selector)". [C:\Users\Usuario\Desktop\TIENDA API\TiendaApi\TiendaApi.csproj]
C:\Users\Usuario\Desktop\TIENDA API\TiendaApi\Controllers\DashboardController.cs(102,57): warning CS8602: Desreferencia de una referencia posiblemente NULL. [C:\Users\Usuario\Desktop\TIENDA API\TiendaApi\TiendaApi.csproj]
C:\Users\Usuario\Desktop\TIENDA API\TiendaApi\Controllers\ProductosController.cs(118,34): warning CS8620: El argumento de tipo "IIncludableQueryable<Producto, ICollection<ProductoCategoria>?>" no se puede usar para el par├ímetro "source" de tipo "IIncludableQueryable<Producto, IEnumerable<ProductoCategoria>>" en "IIncludableQueryable<Producto, Categoria?> EntityFrameworkQueryableExtensions.ThenInclude<Producto, ProductoCategoria, Categoria?>(IIncludableQueryable<Producto, IEnumerable<ProductoCategoria>> source, Expression<Func<ProductoCategoria, Categoria?>> navigationPropertyPath)" debido a las diferencias en la nulabilidad de los tipos de referencia. [C:\Users\Usuario\Desktop\TIENDA API\TiendaApi\TiendaApi.csproj]
C:\Users\Usuario\Desktop\TIENDA API\TiendaApi\Controllers\ProductosController.cs(125,30): warning CS8604: Posible argumento de referencia nulo para el par├ímetro "source" en "IEnumerable<<anonymous type: int CategoriaId, string Nombre>> Enumerable.Select<ProductoCategoria, <anonymous type: int CategoriaId, string Nombre>>(IEnumerable<ProductoCategoria> source, Func<ProductoCategoria, <anonymous type: int CategoriaId, string Nombre>> selector)". [C:\Users\Usuario\Desktop\TIENDA API\TiendaApi\TiendaApi.csproj]
C:\Users\Usuario\Desktop\TIENDA API\TiendaApi\Models\Permiso.cs(12,23): warning CS8618: El elemento propiedad "Nombre" que no acepta valores NULL debe contener un valor distinto de NULL al salir del constructor. Considere la posibilidad de agregar el modificador "required'"o declarar el propiedad como un valor que acepta valores NULL. [C:\Users\Usuario\Desktop\TIENDA API\TiendaApi\TiendaApi.csproj]
C:\Users\Usuario\Desktop\TIENDA API\TiendaApi\Models\Permiso.cs(17,40): warning CS8618: El elemento propiedad "RolPermisos" que no acepta valores NULL debe contener un valor distinto de NULL al salir del constructor. Considere la posibilidad de agregar el modificador "required'"o declarar el propiedad como un valor que acepta valores NULL. [C:\Users\Usuario\Desktop\TIENDA API\TiendaApi\TiendaApi.csproj]
C:\Users\Usuario\Desktop\TIENDA API\TiendaApi\Controllers\UploadController.cs(123,112): warning CS8604: Posible argumento de referencia nulo para el par├ímetro "paths" en "string Path.Combine(params ReadOnlySpan<string> paths)". [C:\Users\Usuario\Desktop\TIENDA API\TiendaApi\TiendaApi.csproj]
C:\Users\Usuario\Desktop\TIENDA API\TiendaApi\Controllers\UsuariosController.cs(275,33): warning CS8620: El argumento de tipo "IIncludableQueryable<Usuario, ICollection<UsuarioRol>?>" no se puede usar para el par├ímetro "source" de tipo "IIncludableQueryable<Usuario, IEnumerable<UsuarioRol>>" en "IIncludableQueryable<Usuario, Rol?> EntityFrameworkQueryableExtensions.ThenInclude<Usuario, UsuarioRol, Rol?>(IIncludableQueryable<Usuario, IEnumerable<UsuarioRol>> source, Expression<Func<UsuarioRol, Rol?>> navigationPropertyPath)" debido a las diferencias en la nulabilidad de los tipos de referencia. [C:\Users\Usuario\Desktop\TIENDA API\TiendaApi\TiendaApi.csproj]
C:\Users\Usuario\Desktop\TIENDA API\TiendaApi\Controllers\UsuariosController.cs(291,25): warning CS8604: Posible argumento de referencia nulo para el par├ímetro "source" en "IEnumerable<string> Enumerable.Select<UsuarioRol, string>(IEnumerable<UsuarioRol> source, Func<UsuarioRol, string> selector)". [C:\Users\Usuario\Desktop\TIENDA API\TiendaApi\TiendaApi.csproj]
C:\Users\Usuario\Desktop\TIENDA API\TiendaApi\Controllers\UsuariosController.cs(291,59): warning CS8602: Desreferencia de una referencia posiblemente NULL. [C:\Users\Usuario\Desktop\TIENDA API\TiendaApi\TiendaApi.csproj]
C:\Users\Usuario\Desktop\TIENDA API\TiendaApi\Controllers\UsuariosController.cs(308,71): warning CS8604: Posible argumento de referencia nulo para el par├ímetro "s" en "byte[] Encoding.GetBytes(string s)". [C:\Users\Usuario\Desktop\TIENDA API\TiendaApi\TiendaApi.csproj]
C:\Users\Usuario\Desktop\TIENDA API\TiendaApi\Controllers\ProductosController.cs(164,34): warning CS8603: Posible tipo de valor devuelto de referencia nulo. [C:\Users\Usuario\Desktop\TIENDA API\TiendaApi\TiendaApi.csproj]
C:\Users\Usuario\Desktop\TIENDA API\TiendaApi\Controllers\ProductosController.cs(167,33): warning CS8604: Posible argumento de referencia nulo para el par├ímetro "source" en "ProductoCategoria? Enumerable.FirstOrDefault<ProductoCategoria>(IEnumerable<ProductoCategoria> source)". [C:\Users\Usuario\Desktop\TIENDA API\TiendaApi\TiendaApi.csproj]
C:\Users\Usuario\Desktop\TIENDA API\TiendaApi\Controllers\ProductosController.cs(183,30): warning CS8602: Desreferencia de una referencia posiblemente NULL. [C:\Users\Usuario\Desktop\TIENDA API\TiendaApi\TiendaApi.csproj]
C:\Users\Usuario\Desktop\TIENDA API\TiendaApi\Controllers\ProductosController.cs(208,13): warning CS8602: Desreferencia de una referencia posiblemente NULL. [C:\Users\Usuario\Desktop\TIENDA API\TiendaApi\TiendaApi.csproj]
C:\Users\Usuario\Desktop\TIENDA API\TiendaApi\Controllers\ProductosController.cs(243,13): warning CS8602: Desreferencia de una referencia posiblemente NULL. [C:\Users\Usuario\Desktop\TIENDA API\TiendaApi\TiendaApi.csproj]
C:\Users\Usuario\Desktop\TIENDA API\TiendaApi\Controllers\UsuariosController.cs(335,34): warning CS8620: El argumento de tipo "IIncludableQueryable<Usuario, ICollection<UsuarioRol>?>" no se puede usar para el par├ímetro "source" de tipo "IIncludableQueryable<Usuario, IEnumerable<UsuarioRol>>" en "IIncludableQueryable<Usuario, Rol?> EntityFrameworkQueryableExtensions.ThenInclude<Usuario, UsuarioRol, Rol?>(IIncludableQueryable<Usuario, IEnumerable<UsuarioRol>> source, Expression<Func<UsuarioRol, Rol?>> navigationPropertyPath)" debido a las diferencias en la nulabilidad de los tipos de referencia. [C:\Users\Usuario\Desktop\TIENDA API\TiendaApi\TiendaApi.csproj]
C:\Users\Usuario\Desktop\TIENDA API\TiendaApi\Controllers\UsuariosController.cs(342,32): warning CS8601: Posible asignaci├│n de referencia nula. [C:\Users\Usuario\Desktop\TIENDA API\TiendaApi\TiendaApi.csproj]
C:\Users\Usuario\Desktop\TIENDA API\TiendaApi\Controllers\UsuariosController.cs(345,29): warning CS8604: Posible argumento de referencia nulo para el par├ímetro "source" en "IEnumerable<string> Enumerable.Select<UsuarioRol, string>(IEnumerable<UsuarioRol> source, Func<UsuarioRol, string> selector)". [C:\Users\Usuario\Desktop\TIENDA API\TiendaApi\TiendaApi.csproj]
C:\Users\Usuario\Desktop\TIENDA API\TiendaApi\Controllers\UsuariosController.cs(345,57): warning CS8602: Desreferencia de una referencia posiblemente NULL. [C:\Users\Usuario\Desktop\TIENDA API\TiendaApi\TiendaApi.csproj]
C:\Users\Usuario\Desktop\TIENDA API\TiendaApi\Controllers\UsuariosController.cs(374,17): warning CS8602: Desreferencia de una referencia posiblemente NULL. [C:\Users\Usuario\Desktop\TIENDA API\TiendaApi\TiendaApi.csproj]
C:\Users\Usuario\Desktop\TIENDA API\TiendaApi\Controllers\UsuariosController.cs(406,18): warning CS8604: Posible argumento de referencia nulo para el par├ímetro "source" en "bool Enumerable.Any<UsuarioRol>(IEnumerable<UsuarioRol> source, Func<UsuarioRol, bool> predicate)". [C:\Users\Usuario\Desktop\TIENDA API\TiendaApi\TiendaApi.csproj]
C:\Users\Usuario\Desktop\TIENDA API\TiendaApi\Controllers\UsuariosController.cs(437,33): warning CS8620: El argumento de tipo "IIncludableQueryable<Usuario, ICollection<UsuarioRol>?>" no se puede usar para el par├ímetro "source" de tipo "IIncludableQueryable<Usuario, IEnumerable<UsuarioRol>>" en "IIncludableQueryable<Usuario, Rol?> EntityFrameworkQueryableExtensions.ThenInclude<Usuario, UsuarioRol, Rol?>(IIncludableQueryable<Usuario, IEnumerable<UsuarioRol>> source, Expression<Func<UsuarioRol, Rol?>> navigationPropertyPath)" debido a las diferencias en la nulabilidad de los tipos de referencia. [C:\Users\Usuario\Desktop\TIENDA API\TiendaApi\TiendaApi.csproj]
C:\Users\Usuario\Desktop\TIENDA API\TiendaApi\Controllers\UsuariosController.cs(455,37): warning CS8620: El argumento de tipo "IIncludableQueryable<Usuario, ICollection<UsuarioRol>?>" no se puede usar para el par├ímetro "source" de tipo "IIncludableQueryable<Usuario, IEnumerable<UsuarioRol>>" en "IIncludableQueryable<Usuario, Rol?> EntityFrameworkQueryableExtensions.ThenInclude<Usuario, UsuarioRol, Rol?>(IIncludableQueryable<Usuario, IEnumerable<UsuarioRol>> source, Expression<Func<UsuarioRol, Rol?>> navigationPropertyPath)" debido a las diferencias en la nulabilidad de los tipos de referencia. [C:\Users\Usuario\Desktop\TIENDA API\TiendaApi\TiendaApi.csproj]
C:\Users\Usuario\Desktop\TIENDA API\TiendaApi\Controllers\UsuariosController.cs(487,28): warning CS8601: Posible asignaci├│n de referencia nula. [C:\Users\Usuario\Desktop\TIENDA API\TiendaApi\TiendaApi.csproj]
C:\Users\Usuario\Desktop\TIENDA API\TiendaApi\Controllers\UsuariosController.cs(490,60): warning CS8602: Desreferencia de una referencia posiblemente NULL. [C:\Users\Usuario\Desktop\TIENDA API\TiendaApi\TiendaApi.csproj]
C:\Users\Usuario\Desktop\TIENDA API\TiendaApi\Controllers\UsuariosController.cs(531,33): warning CS8620: El argumento de tipo "IIncludableQueryable<Usuario, ICollection<UsuarioRol>?>" no se puede usar para el par├ímetro "source" de tipo "IIncludableQueryable<Usuario, IEnumerable<UsuarioRol>>" en "IIncludableQueryable<Usuario, Rol?> EntityFrameworkQueryableExtensions.ThenInclude<Usuario, UsuarioRol, Rol?>(IIncludableQueryable<Usuario, IEnumerable<UsuarioRol>> source, Expression<Func<UsuarioRol, Rol?>> navigationPropertyPath)" debido a las diferencias en la nulabilidad de los tipos de referencia. [C:\Users\Usuario\Desktop\TIENDA API\TiendaApi\TiendaApi.csproj]
C:\Users\Usuario\Desktop\TIENDA API\TiendaApi\Controllers\UsuariosController.cs(561,33): warning CS8620: El argumento de tipo "IIncludableQueryable<Usuario, ICollection<UsuarioRol>?>" no se puede usar para el par├ímetro "source" de tipo "IIncludableQueryable<Usuario, IEnumerable<UsuarioRol>>" en "IIncludableQueryable<Usuario, Rol?> EntityFrameworkQueryableExtensions.ThenInclude<Usuario, UsuarioRol, Rol?>(IIncludableQueryable<Usuario, IEnumerable<UsuarioRol>> source, Expression<Func<UsuarioRol, Rol?>> navigationPropertyPath)" debido a las diferencias en la nulabilidad de los tipos de referencia. [C:\Users\Usuario\Desktop\TIENDA API\TiendaApi\TiendaApi.csproj]
C:\Users\Usuario\Desktop\TIENDA API\TiendaApi\Controllers\UsuariosController.cs(631,28): warning CS8601: Posible asignaci├│n de referencia nula. [C:\Users\Usuario\Desktop\TIENDA API\TiendaApi\TiendaApi.csproj]
C:\Users\Usuario\Desktop\TIENDA API\TiendaApi\Controllers\UsuariosController.cs(634,60): warning CS8602: Desreferencia de una referencia posiblemente NULL. [C:\Users\Usuario\Desktop\TIENDA API\TiendaApi\TiendaApi.csproj]
C:\Users\Usuario\Desktop\TIENDA API\TiendaApi\Controllers\UsuariosController.cs(703,37): warning CS8620: El argumento de tipo "IIncludableQueryable<Usuario, ICollection<UsuarioRol>?>" no se puede usar para el par├ímetro "source" de tipo "IIncludableQueryable<Usuario, IEnumerable<UsuarioRol>>" en "IIncludableQueryable<Usuario, Rol?> EntityFrameworkQueryableExtensions.ThenInclude<Usuario, UsuarioRol, Rol?>(IIncludableQueryable<Usuario, IEnumerable<UsuarioRol>> source, Expression<Func<UsuarioRol, Rol?>> navigationPropertyPath)" debido a las diferencias en la nulabilidad de los tipos de referencia. [C:\Users\Usuario\Desktop\TIENDA API\TiendaApi\TiendaApi.csproj]
C:\Users\Usuario\Desktop\TIENDA API\TiendaApi\Controllers\UsuariosController.cs(752,71): warning CS8603: Posible tipo de valor devuelto de referencia nulo. [C:\Users\Usuario\Desktop\TIENDA API\TiendaApi\TiendaApi.csproj]
C:\Users\Usuario\Desktop\TIENDA API\TiendaApi\Controllers\UsuariosController.cs(765,29): warning CS8604: Posible argumento de referencia nulo para el par├ímetro "source" en "IEnumerable<string> Enumerable.Select<UsuarioRol, string>(IEnumerable<UsuarioRol> source, Func<UsuarioRol, string> selector)". [C:\Users\Usuario\Desktop\TIENDA API\TiendaApi\TiendaApi.csproj]
C:\Users\Usuario\Desktop\TIENDA API\TiendaApi\Controllers\UsuariosController.cs(765,63): warning CS8602: Desreferencia de una referencia posiblemente NULL. [C:\Users\Usuario\Desktop\TIENDA API\TiendaApi\TiendaApi.csproj]
C:\Users\Usuario\Desktop\TIENDA API\TiendaApi\Controllers\UsuariosController.cs(826,28): warning CS8604: Posible argumento de referencia nulo para el par├ímetro "source" en "bool Enumerable.Any<UsuarioRol>(IEnumerable<UsuarioRol> source, Func<UsuarioRol, bool> predicate)". [C:\Users\Usuario\Desktop\TIENDA API\TiendaApi\TiendaApi.csproj]
C:\Users\Usuario\Desktop\TIENDA API\TiendaApi\Controllers\UsuariosController.cs(826,59): warning CS8602: Desreferencia de una referencia posiblemente NULL. [C:\Users\Usuario\Desktop\TIENDA API\TiendaApi\TiendaApi.csproj]
C:\Users\Usuario\Desktop\TIENDA API\TiendaApi\Controllers\TiendasController.cs(149,36): error CS1061: "TiendaUpdateDto" no contiene una definici├│n para "Direccion" ni un m├®todo de extensi├│n accesible "Direccion" que acepte un primer argumento del tipo "TiendaUpdateDto" (┬┐falta alguna directiva using o una referencia de ensamblado?) [C:\Users\Usuario\Desktop\TIENDA API\TiendaApi\TiendaApi.csproj]
    48 Advertencia(s)
    1 Errores

Tiempo transcurrido 00:00:02.09

Hay actualizaciones de carga de trabajo disponibles. Ejecute "dotnet workload list" para obtener m├ís informaci├│n.
